// Jest Snapshot v1, https://goo.gl/fbAQLP

exports[`<Test> Should render with snapshot 1`] = `
<div>
  Test
  <Second />
</div>
`;
